[1148:17732:1213/042951.578:WARNING:chrome_main_delegate.cc(745)] This is Chrome version 128.0.6613.138 (not a warning)
[1148:17732:1213/042951.893:WARNING:account_consistency_mode_manager.cc(77)] Desktop Identity Consistency cannot be enabled as no OAuth client ID and client secret have been configured.
[1148:7816:1213/042952.020:ERROR:external_registry_loader_win.cc(144)] Missing value path for key Software\Google\Chrome\Extensions\kadaohckdkghfaclhjmkmplebcdcnfnp.
[1148:7816:1213/042957.223:WARNING:leveldb_database.cc(141)] Unable to open C:\Users\MaxxPC\Documents\Unreal Projects\Buildout\Saved\webcache_6613\Default\shared_proto_db\metadata: IO error: C:\Users\MaxxPC\Documents\Unreal Projects\Buildout\Saved\webcache_6613\Default\shared_proto_db\metadata/MANIFEST-000001: Unable to create sequential file (ChromeMethodBFE: 7::NewSequentialFile::1)
[1148:7816:1213/042957.226:WARNING:leveldb_database.cc(141)] Unable to open C:\Users\MaxxPC\Documents\Unreal Projects\Buildout\Saved\webcache_6613\Default\shared_proto_db\metadata: IO error: C:\Users\MaxxPC\Documents\Unreal Projects\Buildout\Saved\webcache_6613\Default\shared_proto_db\metadata/MANIFEST-000001: Unable to create sequential file (ChromeMethodBFE: 7::NewSequentialFile::1)
[1148:7816:1213/042957.230:WARNING:leveldb_database.cc(141)] Unable to open C:\Users\MaxxPC\Documents\Unreal Projects\Buildout\Saved\webcache_6613\Default\shared_proto_db\metadata: IO error: C:\Users\MaxxPC\Documents\Unreal Projects\Buildout\Saved\webcache_6613\Default\shared_proto_db\metadata/MANIFEST-000001: Unable to create sequential file (ChromeMethodBFE: 7::NewSequentialFile::1)
[1148:7816:1213/042957.233:WARNING:leveldb_database.cc(141)] Unable to open C:\Users\MaxxPC\Documents\Unreal Projects\Buildout\Saved\webcache_6613\Default\shared_proto_db\metadata: IO error: C:\Users\MaxxPC\Documents\Unreal Projects\Buildout\Saved\webcache_6613\Default\shared_proto_db\metadata/MANIFEST-000001: Unable to create sequential file (ChromeMethodBFE: 7::NewSequentialFile::1)
[1148:1520:1213/042959.031:WARNING:leveldb_database.cc(141)] Unable to open C:\Users\MaxxPC\Documents\Unreal Projects\Buildout\Saved\webcache_6613\Default\GCM Store\Encryption: IO error: C:\Users\MaxxPC\Documents\Unreal Projects\Buildout\Saved\webcache_6613\Default\GCM Store\Encryption/MANIFEST-000001: Unable to create sequential file (ChromeMethodBFE: 7::NewSequentialFile::1)
[2056:9624:1213/043000.550:WARNING:frame_impl.cc(430)] virtual CefFrameImpl::SendProcessMessage sent to detached frame 5-60DFB19474BA2F62FF1BA689CEEC0479 will be ignored
[1148:20236:1213/043001.213:WARNING:value_store_frontend.cc(47)] Reading ahfgeienlihckogmohjhadlkjgocpleb.alarms from  failed: IO error: .../MANIFEST-000001: Unable to create sequential file (ChromeMethodBFE: 7::NewSequentialFile::1)
[1148:20236:1213/043001.215:WARNING:value_store_frontend.cc(47)] Reading mhjfbmdgcfjbbpaeojofohoefgiehjai.alarms from  failed: IO error: .../MANIFEST-000001: Unable to create sequential file (ChromeMethodBFE: 7::NewSequentialFile::1)
[1148:16088:1213/043003.214:WARNING:browser_info.cc(345)] Returning a speculative frame for [8,9]
[1148:17732:1213/043004.212:WARNING:browser_info.cc(345)] Returning a speculative frame for [10,9]
[1148:17732:1213/043004.213:WARNING:browser_info.cc(345)] Returning a speculative frame for [10,9]
[1148:17732:1213/043004.213:WARNING:browser_info.cc(345)] Returning a speculative frame for [10,9]
[1148:17732:1213/043004.213:WARNING:browser_info.cc(345)] Returning a speculative frame for [10,9]
[1148:16088:1213/043004.217:WARNING:browser_info.cc(345)] Returning a speculative frame for [10,9]
[6952:19952:1213/043218.025:ERROR:shared_image_manager.cc(224)] SharedImageManager::ProduceSkia: Trying to Produce a Skia representation from a non-existent mailbox.
[6952:19952:1213/043218.026:ERROR:shared_image_manager.cc(224)] SharedImageManager::ProduceSkia: Trying to Produce a Skia representation from a non-existent mailbox.
[1148:17732:1213/043508.926:WARNING:pref_notifier_impl.cc(41)] Pref observer for media_router.cast_allow_all_ips found at shutdown.
