[4200:5260:1216/152318.869:WARNING:chrome_main_delegate.cc(745)] This is Chrome version 128.0.6613.138 (not a warning)
[4200:5260:1216/152319.234:WARNING:account_consistency_mode_manager.cc(77)] Desktop Identity Consistency cannot be enabled as no OAuth client ID and client secret have been configured.
[4200:15260:1216/152319.349:ERROR:external_registry_loader_win.cc(144)] Missing value path for key Software\Google\Chrome\Extensions\kadaohckdkghfaclhjmkmplebcdcnfnp.
[4200:15260:1216/152323.841:WARNING:leveldb_database.cc(141)] Unable to open C:\Users\MaxxPC\Documents\Unreal Projects\Buildout\Saved\webcache_6613\Default\shared_proto_db\metadata: IO error: C:\Users\MaxxPC\Documents\Unreal Projects\Buildout\Saved\webcache_6613\Default\shared_proto_db\metadata/MANIFEST-000001: Unable to create sequential file (ChromeMethodBFE: 7::NewSequentialFile::1)
[4200:15260:1216/152323.844:WARNING:leveldb_database.cc(141)] Unable to open C:\Users\MaxxPC\Documents\Unreal Projects\Buildout\Saved\webcache_6613\Default\shared_proto_db\metadata: IO error: C:\Users\MaxxPC\Documents\Unreal Projects\Buildout\Saved\webcache_6613\Default\shared_proto_db\metadata/MANIFEST-000001: Unable to create sequential file (ChromeMethodBFE: 7::NewSequentialFile::1)
[4200:15260:1216/152323.847:WARNING:leveldb_database.cc(141)] Unable to open C:\Users\MaxxPC\Documents\Unreal Projects\Buildout\Saved\webcache_6613\Default\shared_proto_db\metadata: IO error: C:\Users\MaxxPC\Documents\Unreal Projects\Buildout\Saved\webcache_6613\Default\shared_proto_db\metadata/MANIFEST-000001: Unable to create sequential file (ChromeMethodBFE: 7::NewSequentialFile::1)
[4200:15260:1216/152323.849:WARNING:leveldb_database.cc(141)] Unable to open C:\Users\MaxxPC\Documents\Unreal Projects\Buildout\Saved\webcache_6613\Default\shared_proto_db\metadata: IO error: C:\Users\MaxxPC\Documents\Unreal Projects\Buildout\Saved\webcache_6613\Default\shared_proto_db\metadata/MANIFEST-000001: Unable to create sequential file (ChromeMethodBFE: 7::NewSequentialFile::1)
[4200:5580:1216/152325.663:WARNING:leveldb_database.cc(141)] Unable to open C:\Users\MaxxPC\Documents\Unreal Projects\Buildout\Saved\webcache_6613\Default\GCM Store\Encryption: IO error: C:\Users\MaxxPC\Documents\Unreal Projects\Buildout\Saved\webcache_6613\Default\GCM Store\Encryption/MANIFEST-000001: Unable to create sequential file (ChromeMethodBFE: 7::NewSequentialFile::1)
[6836:16976:1216/152327.199:WARNING:frame_impl.cc(430)] virtual CefFrameImpl::SendProcessMessage sent to detached frame 5-2C2F9213A2327775DD7F6145ABBA4856 will be ignored
[4200:6400:1216/152327.861:WARNING:value_store_frontend.cc(47)] Reading ahfgeienlihckogmohjhadlkjgocpleb.alarms from  failed: IO error: .../MANIFEST-000001: Unable to create sequential file (ChromeMethodBFE: 7::NewSequentialFile::1)
[4200:6400:1216/152327.863:WARNING:value_store_frontend.cc(47)] Reading mhjfbmdgcfjbbpaeojofohoefgiehjai.alarms from  failed: IO error: .../MANIFEST-000001: Unable to create sequential file (ChromeMethodBFE: 7::NewSequentialFile::1)
[4200:14952:1216/152330.197:WARNING:browser_info.cc(345)] Returning a speculative frame for [8,9]
[4200:5260:1216/152330.858:WARNING:browser_info.cc(345)] Returning a speculative frame for [9,9]
[4200:5260:1216/152330.858:WARNING:browser_info.cc(345)] Returning a speculative frame for [9,9]
[4200:5260:1216/152330.858:WARNING:browser_info.cc(345)] Returning a speculative frame for [9,9]
[4200:5260:1216/152330.858:WARNING:browser_info.cc(345)] Returning a speculative frame for [9,9]
[4200:14952:1216/152330.865:WARNING:browser_info.cc(345)] Returning a speculative frame for [9,9]
[4428:16684:1216/152545.306:ERROR:shared_image_manager.cc(224)] SharedImageManager::ProduceSkia: Trying to Produce a Skia representation from a non-existent mailbox.
[4428:16684:1216/152545.307:ERROR:shared_image_manager.cc(224)] SharedImageManager::ProduceSkia: Trying to Produce a Skia representation from a non-existent mailbox.
[4200:5260:1216/161937.050:WARNING:pref_notifier_impl.cc(41)] Pref observer for media_router.cast_allow_all_ips found at shutdown.
