[21656:19948:1208/193240.888:WARNING:chrome_main_delegate.cc(745)] This is Chrome version 128.0.6613.138 (not a warning)
[21656:19948:1208/193240.991:WARNING:account_consistency_mode_manager.cc(77)] Desktop Identity Consistency cannot be enabled as no OAuth client ID and client secret have been configured.
[21656:13016:1208/193241.011:ERROR:external_registry_loader_win.cc(144)] Missing value path for key Software\Google\Chrome\Extensions\kadaohckdkghfaclhjmkmplebcdcnfnp.
[21656:22280:1208/193244.501:WARNING:leveldb_database.cc(141)] Unable to open C:\Users\MaxxPC\Documents\Unreal Projects\Buildout\Saved\webcache_6613\Default\shared_proto_db\metadata: IO error: C:\Users\MaxxPC\Documents\Unreal Projects\Buildout\Saved\webcache_6613\Default\shared_proto_db\metadata/MANIFEST-000001: Unable to create sequential file (ChromeMethodBFE: 7::NewSequentialFile::1)
[21656:22280:1208/193244.507:WARNING:leveldb_database.cc(141)] Unable to open C:\Users\MaxxPC\Documents\Unreal Projects\Buildout\Saved\webcache_6613\Default\shared_proto_db\metadata: IO error: C:\Users\MaxxPC\Documents\Unreal Projects\Buildout\Saved\webcache_6613\Default\shared_proto_db\metadata/MANIFEST-000001: Unable to create sequential file (ChromeMethodBFE: 7::NewSequentialFile::1)
[21656:22280:1208/193244.512:WARNING:leveldb_database.cc(141)] Unable to open C:\Users\MaxxPC\Documents\Unreal Projects\Buildout\Saved\webcache_6613\Default\shared_proto_db\metadata: IO error: C:\Users\MaxxPC\Documents\Unreal Projects\Buildout\Saved\webcache_6613\Default\shared_proto_db\metadata/MANIFEST-000001: Unable to create sequential file (ChromeMethodBFE: 7::NewSequentialFile::1)
[21656:22280:1208/193244.516:WARNING:leveldb_database.cc(141)] Unable to open C:\Users\MaxxPC\Documents\Unreal Projects\Buildout\Saved\webcache_6613\Default\shared_proto_db\metadata: IO error: C:\Users\MaxxPC\Documents\Unreal Projects\Buildout\Saved\webcache_6613\Default\shared_proto_db\metadata/MANIFEST-000001: Unable to create sequential file (ChromeMethodBFE: 7::NewSequentialFile::1)
[21656:22280:1208/193245.090:WARNING:value_store_frontend.cc(47)] Reading ahfgeienlihckogmohjhadlkjgocpleb.alarms from  failed: IO error: .../MANIFEST-000001: Unable to create sequential file (ChromeMethodBFE: 7::NewSequentialFile::1)
[21656:22280:1208/193245.092:WARNING:value_store_frontend.cc(47)] Reading mhjfbmdgcfjbbpaeojofohoefgiehjai.alarms from  failed: IO error: .../MANIFEST-000001: Unable to create sequential file (ChromeMethodBFE: 7::NewSequentialFile::1)
[18700:5092:1208/193245.430:WARNING:frame_impl.cc(430)] virtual CefFrameImpl::SendProcessMessage sent to detached frame 5-EC4800E92EDFCA2FBB84CB6DF92A37E3 will be ignored
[21656:6788:1208/193247.461:WARNING:browser_info.cc(345)] Returning a speculative frame for [7,9]
[21656:19948:1208/193247.789:WARNING:browser_info.cc(345)] Returning a speculative frame for [9,5]
[21656:19948:1208/193247.789:WARNING:browser_info.cc(345)] Returning a speculative frame for [9,5]
[21656:19948:1208/193247.789:WARNING:browser_info.cc(345)] Returning a speculative frame for [9,5]
[21656:19948:1208/193247.789:WARNING:browser_info.cc(345)] Returning a speculative frame for [9,5]
[21656:6788:1208/193248.129:WARNING:browser_info.cc(345)] Returning a speculative frame for [9,5]
[21656:18916:1208/193249.961:WARNING:leveldb_database.cc(141)] Unable to open C:\Users\MaxxPC\Documents\Unreal Projects\Buildout\Saved\webcache_6613\Default\GCM Store\Encryption: IO error: C:\Users\MaxxPC\Documents\Unreal Projects\Buildout\Saved\webcache_6613\Default\GCM Store\Encryption/MANIFEST-000001: Unable to create sequential file (ChromeMethodBFE: 7::NewSequentialFile::1)
[21656:19948:1208/193311.276:WARNING:page_discarding_helper.cc(138)] Discarding multiple pages with target (kb): 0
[21656:19948:1208/193316.317:WARNING:page_discarding_helper.cc(138)] Discarding multiple pages with target (kb): 0
[21656:19948:1208/193321.319:WARNING:page_discarding_helper.cc(138)] Discarding multiple pages with target (kb): 0
[21656:19948:1208/193326.319:WARNING:page_discarding_helper.cc(138)] Discarding multiple pages with target (kb): 0
[21656:19948:1208/193331.556:WARNING:page_discarding_helper.cc(138)] Discarding multiple pages with target (kb): 0
[21656:19948:1208/193336.563:WARNING:page_discarding_helper.cc(138)] Discarding multiple pages with target (kb): 0
[21656:19948:1208/193341.568:WARNING:page_discarding_helper.cc(138)] Discarding multiple pages with target (kb): 0
[21656:19948:1208/193356.603:WARNING:page_discarding_helper.cc(138)] Discarding multiple pages with target (kb): 0
[21656:19948:1208/193426.674:WARNING:page_discarding_helper.cc(138)] Discarding multiple pages with target (kb): 0
[21656:19948:1208/193431.675:WARNING:page_discarding_helper.cc(138)] Discarding multiple pages with target (kb): 0
[20896:22508:1208/193503.686:ERROR:shared_image_manager.cc(224)] SharedImageManager::ProduceSkia: Trying to Produce a Skia representation from a non-existent mailbox.
[20896:22508:1208/193503.687:ERROR:shared_image_manager.cc(224)] SharedImageManager::ProduceSkia: Trying to Produce a Skia representation from a non-existent mailbox.
[21656:19948:1208/193728.026:WARNING:page_discarding_helper.cc(138)] Discarding multiple pages with target (kb): 0
[21656:19948:1208/195600.787:WARNING:pref_notifier_impl.cc(41)] Pref observer for media_router.cast_allow_all_ips found at shutdown.
