[11364:18228:1217/004208.677:WARNING:chrome_main_delegate.cc(745)] This is Chrome version 128.0.6613.138 (not a warning)
[11364:18228:1217/004209.136:WARNING:account_consistency_mode_manager.cc(77)] Desktop Identity Consistency cannot be enabled as no OAuth client ID and client secret have been configured.
[11364:15660:1217/004209.324:ERROR:external_registry_loader_win.cc(144)] Missing value path for key Software\Google\Chrome\Extensions\kadaohckdkghfaclhjmkmplebcdcnfnp.
[11364:19024:1217/004214.964:WARNING:leveldb_database.cc(141)] Unable to open C:\Users\MaxxPC\Documents\Unreal Projects\Buildout\Saved\webcache_6613\Default\shared_proto_db\metadata: IO error: C:\Users\MaxxPC\Documents\Unreal Projects\Buildout\Saved\webcache_6613\Default\shared_proto_db\metadata/MANIFEST-000001: Unable to create sequential file (ChromeMethodBFE: 7::NewSequentialFile::1)
[11364:19024:1217/004214.970:WARNING:leveldb_database.cc(141)] Unable to open C:\Users\MaxxPC\Documents\Unreal Projects\Buildout\Saved\webcache_6613\Default\shared_proto_db\metadata: IO error: C:\Users\MaxxPC\Documents\Unreal Projects\Buildout\Saved\webcache_6613\Default\shared_proto_db\metadata/MANIFEST-000001: Unable to create sequential file (ChromeMethodBFE: 7::NewSequentialFile::1)
[11364:19024:1217/004214.975:WARNING:leveldb_database.cc(141)] Unable to open C:\Users\MaxxPC\Documents\Unreal Projects\Buildout\Saved\webcache_6613\Default\shared_proto_db\metadata: IO error: C:\Users\MaxxPC\Documents\Unreal Projects\Buildout\Saved\webcache_6613\Default\shared_proto_db\metadata/MANIFEST-000001: Unable to create sequential file (ChromeMethodBFE: 7::NewSequentialFile::1)
[11364:19024:1217/004214.978:WARNING:leveldb_database.cc(141)] Unable to open C:\Users\MaxxPC\Documents\Unreal Projects\Buildout\Saved\webcache_6613\Default\shared_proto_db\metadata: IO error: C:\Users\MaxxPC\Documents\Unreal Projects\Buildout\Saved\webcache_6613\Default\shared_proto_db\metadata/MANIFEST-000001: Unable to create sequential file (ChromeMethodBFE: 7::NewSequentialFile::1)
[11364:18184:1217/004216.593:WARNING:leveldb_database.cc(141)] Unable to open C:\Users\MaxxPC\Documents\Unreal Projects\Buildout\Saved\webcache_6613\Default\GCM Store\Encryption: IO error: C:\Users\MaxxPC\Documents\Unreal Projects\Buildout\Saved\webcache_6613\Default\GCM Store\Encryption/MANIFEST-000001: Unable to create sequential file (ChromeMethodBFE: 7::NewSequentialFile::1)
[524:4772:1217/004219.099:WARNING:frame_impl.cc(430)] virtual CefFrameImpl::SendProcessMessage sent to detached frame 5-2562F6C4AFAD6A8553E3AD539542F5E6 will be ignored
[11364:15660:1217/004220.104:WARNING:value_store_frontend.cc(47)] Reading ahfgeienlihckogmohjhadlkjgocpleb.alarms from  failed: IO error: .../MANIFEST-000001: Unable to create sequential file (ChromeMethodBFE: 7::NewSequentialFile::1)
[11364:15660:1217/004220.106:WARNING:value_store_frontend.cc(47)] Reading mhjfbmdgcfjbbpaeojofohoefgiehjai.alarms from  failed: IO error: .../MANIFEST-000001: Unable to create sequential file (ChromeMethodBFE: 7::NewSequentialFile::1)
[11364:9552:1217/004223.437:WARNING:browser_info.cc(345)] Returning a speculative frame for [8,9]
[11364:18228:1217/004224.432:WARNING:browser_info.cc(345)] Returning a speculative frame for [9,9]
[11364:18228:1217/004224.432:WARNING:browser_info.cc(345)] Returning a speculative frame for [9,9]
[11364:18228:1217/004224.432:WARNING:browser_info.cc(345)] Returning a speculative frame for [9,9]
[11364:18228:1217/004224.432:WARNING:browser_info.cc(345)] Returning a speculative frame for [9,9]
[11364:9552:1217/004224.436:WARNING:browser_info.cc(345)] Returning a speculative frame for [9,9]
[4004:2692:1217/004446.030:ERROR:shared_image_manager.cc(224)] SharedImageManager::ProduceSkia: Trying to Produce a Skia representation from a non-existent mailbox.
[4004:2692:1217/004446.030:ERROR:shared_image_manager.cc(224)] SharedImageManager::ProduceSkia: Trying to Produce a Skia representation from a non-existent mailbox.
[11364:18228:1217/011613.107:WARNING:pref_notifier_impl.cc(41)] Pref observer for media_router.cast_allow_all_ips found at shutdown.
