[16468:8152:1210/221918.289:WARNING:chrome_main_delegate.cc(745)] This is Chrome version 128.0.6613.138 (not a warning)
[16468:8152:1210/221918.392:WARNING:account_consistency_mode_manager.cc(77)] Desktop Identity Consistency cannot be enabled as no OAuth client ID and client secret have been configured.
[16468:18504:1210/221918.420:ERROR:external_registry_loader_win.cc(144)] Missing value path for key Software\Google\Chrome\Extensions\kadaohckdkghfaclhjmkmplebcdcnfnp.
[16468:19312:1210/221921.597:WARNING:leveldb_database.cc(141)] Unable to open C:\Users\MaxxPC\Documents\Unreal Projects\Buildout\Saved\webcache_6613\Default\shared_proto_db\metadata: IO error: C:\Users\MaxxPC\Documents\Unreal Projects\Buildout\Saved\webcache_6613\Default\shared_proto_db\metadata/MANIFEST-000001: Unable to create sequential file (ChromeMethodBFE: 7::NewSequentialFile::1)
[16468:19312:1210/221921.601:WARNING:leveldb_database.cc(141)] Unable to open C:\Users\MaxxPC\Documents\Unreal Projects\Buildout\Saved\webcache_6613\Default\shared_proto_db\metadata: IO error: C:\Users\MaxxPC\Documents\Unreal Projects\Buildout\Saved\webcache_6613\Default\shared_proto_db\metadata/MANIFEST-000001: Unable to create sequential file (ChromeMethodBFE: 7::NewSequentialFile::1)
[16468:19312:1210/221921.604:WARNING:leveldb_database.cc(141)] Unable to open C:\Users\MaxxPC\Documents\Unreal Projects\Buildout\Saved\webcache_6613\Default\shared_proto_db\metadata: IO error: C:\Users\MaxxPC\Documents\Unreal Projects\Buildout\Saved\webcache_6613\Default\shared_proto_db\metadata/MANIFEST-000001: Unable to create sequential file (ChromeMethodBFE: 7::NewSequentialFile::1)
[16468:19312:1210/221921.606:WARNING:leveldb_database.cc(141)] Unable to open C:\Users\MaxxPC\Documents\Unreal Projects\Buildout\Saved\webcache_6613\Default\shared_proto_db\metadata: IO error: C:\Users\MaxxPC\Documents\Unreal Projects\Buildout\Saved\webcache_6613\Default\shared_proto_db\metadata/MANIFEST-000001: Unable to create sequential file (ChromeMethodBFE: 7::NewSequentialFile::1)
[16468:12636:1210/221922.014:WARNING:value_store_frontend.cc(47)] Reading ahfgeienlihckogmohjhadlkjgocpleb.alarms from  failed: IO error: .../MANIFEST-000001: Unable to create sequential file (ChromeMethodBFE: 7::NewSequentialFile::1)
[16468:12636:1210/221922.017:WARNING:value_store_frontend.cc(47)] Reading mhjfbmdgcfjbbpaeojofohoefgiehjai.alarms from  failed: IO error: .../MANIFEST-000001: Unable to create sequential file (ChromeMethodBFE: 7::NewSequentialFile::1)
[17324:7420:1210/221922.313:WARNING:frame_impl.cc(430)] virtual CefFrameImpl::SendProcessMessage sent to detached frame 5-7AC429447A35D0D6D710F87781AD18CE will be ignored
[16468:17752:1210/221929.596:WARNING:browser_info.cc(345)] Returning a speculative frame for [7,9]
[16468:8152:1210/221929.890:WARNING:browser_info.cc(345)] Returning a speculative frame for [8,9]
[16468:8152:1210/221929.890:WARNING:browser_info.cc(345)] Returning a speculative frame for [8,9]
[16468:8152:1210/221929.890:WARNING:browser_info.cc(345)] Returning a speculative frame for [8,9]
[16468:8152:1210/221929.890:WARNING:browser_info.cc(345)] Returning a speculative frame for [8,9]
[16468:17752:1210/221929.895:WARNING:browser_info.cc(345)] Returning a speculative frame for [8,9]
[16468:15860:1210/221930.482:WARNING:leveldb_database.cc(141)] Unable to open C:\Users\MaxxPC\Documents\Unreal Projects\Buildout\Saved\webcache_6613\Default\GCM Store\Encryption: IO error: C:\Users\MaxxPC\Documents\Unreal Projects\Buildout\Saved\webcache_6613\Default\GCM Store\Encryption/MANIFEST-000001: Unable to create sequential file (ChromeMethodBFE: 7::NewSequentialFile::1)
[16836:5648:1210/222209.639:ERROR:shared_image_manager.cc(224)] SharedImageManager::ProduceSkia: Trying to Produce a Skia representation from a non-existent mailbox.
[16836:5648:1210/222209.639:ERROR:shared_image_manager.cc(224)] SharedImageManager::ProduceSkia: Trying to Produce a Skia representation from a non-existent mailbox.
[16468:8152:1211/003610.173:WARNING:pref_notifier_impl.cc(41)] Pref observer for media_router.cast_allow_all_ips found at shutdown.
