<<<<<<< HEAD
[10328:26192:1126/183839.699:WARNING:chrome_main_delegate.cc(745)] This is Chrome version 128.0.6613.138 (not a warning)
[10328:26192:1126/183839.737:WARNING:account_consistency_mode_manager.cc(77)] Desktop Identity Consistency cannot be enabled as no OAuth client ID and client secret have been configured.
[10328:9192:1126/183839.747:ERROR:external_registry_loader_win.cc(144)] Missing value path for key Software\Google\Chrome\Extensions\kadaohckdkghfaclhjmkmplebcdcnfnp.
[10328:16344:1126/183841.348:WARNING:leveldb_database.cc(141)] Unable to open C:\Users\User\Documents\Unreal Projects\Buildout\Saved\webcache_6613\Default\shared_proto_db\metadata: IO error: C:\Users\User\Documents\Unreal Projects\Buildout\Saved\webcache_6613\Default\shared_proto_db\metadata/MANIFEST-000001: Unable to create sequential file (ChromeMethodBFE: 7::NewSequentialFile::1)
[10328:16344:1126/183841.349:WARNING:leveldb_database.cc(141)] Unable to open C:\Users\User\Documents\Unreal Projects\Buildout\Saved\webcache_6613\Default\shared_proto_db\metadata: IO error: C:\Users\User\Documents\Unreal Projects\Buildout\Saved\webcache_6613\Default\shared_proto_db\metadata/MANIFEST-000001: Unable to create sequential file (ChromeMethodBFE: 7::NewSequentialFile::1)
[10328:16344:1126/183841.351:WARNING:leveldb_database.cc(141)] Unable to open C:\Users\User\Documents\Unreal Projects\Buildout\Saved\webcache_6613\Default\shared_proto_db\metadata: IO error: C:\Users\User\Documents\Unreal Projects\Buildout\Saved\webcache_6613\Default\shared_proto_db\metadata/MANIFEST-000001: Unable to create sequential file (ChromeMethodBFE: 7::NewSequentialFile::1)
[10328:16344:1126/183841.352:WARNING:leveldb_database.cc(141)] Unable to open C:\Users\User\Documents\Unreal Projects\Buildout\Saved\webcache_6613\Default\shared_proto_db\metadata: IO error: C:\Users\User\Documents\Unreal Projects\Buildout\Saved\webcache_6613\Default\shared_proto_db\metadata/MANIFEST-000001: Unable to create sequential file (ChromeMethodBFE: 7::NewSequentialFile::1)
[10328:16344:1126/183841.567:WARNING:value_store_frontend.cc(47)] Reading ahfgeienlihckogmohjhadlkjgocpleb.alarms from  failed: IO error: .../MANIFEST-000001: Unable to create sequential file (ChromeMethodBFE: 7::NewSequentialFile::1)
[10328:16344:1126/183841.569:WARNING:value_store_frontend.cc(47)] Reading mhjfbmdgcfjbbpaeojofohoefgiehjai.alarms from  failed: IO error: .../MANIFEST-000001: Unable to create sequential file (ChromeMethodBFE: 7::NewSequentialFile::1)
[10328:25912:1126/183845.340:WARNING:leveldb_database.cc(141)] Unable to open C:\Users\User\Documents\Unreal Projects\Buildout\Saved\webcache_6613\Default\GCM Store\Encryption: IO error: C:\Users\User\Documents\Unreal Projects\Buildout\Saved\webcache_6613\Default\GCM Store\Encryption/MANIFEST-000001: Unable to create sequential file (ChromeMethodBFE: 7::NewSequentialFile::1)
[25108:9140:1126/202923.511:WARNING:frame_impl.cc(430)] virtual CefFrameImpl::SendProcessMessage sent to detached frame 6-6A184CD28FFAC436B3945946D36FC368 will be ignored
[10328:26192:1126/212505.833:WARNING:pref_notifier_impl.cc(41)] Pref observer for media_router.cast_allow_all_ips found at shutdown.
=======
[18256:17816:1126/195814.049:WARNING:chrome_main_delegate.cc(745)] This is Chrome version 128.0.6613.138 (not a warning)
[18256:17816:1126/195814.103:WARNING:account_consistency_mode_manager.cc(77)] Desktop Identity Consistency cannot be enabled as no OAuth client ID and client secret have been configured.
[6868:6356:1126/195818.264:WARNING:frame_impl.cc(430)] virtual CefFrameImpl::SendProcessMessage sent to detached frame 5-B03138D1B9D1A25F3EC15B6ADA0BFBE2 will be ignored
[18256:21968:1126/195821.125:ERROR:cast_crl.cc(443)] CRL - Verification failed.
[18256:21968:1126/195821.609:WARNING:browser_info.cc(345)] Returning a speculative frame for [7,9]
[18256:17816:1126/195822.269:WARNING:browser_info.cc(345)] Returning a speculative frame for [9,9]
[18256:17816:1126/195822.270:WARNING:browser_info.cc(345)] Returning a speculative frame for [9,9]
[18256:17816:1126/195822.270:WARNING:browser_info.cc(345)] Returning a speculative frame for [9,9]
[18256:17816:1126/195822.270:WARNING:browser_info.cc(345)] Returning a speculative frame for [9,9]
[18256:21968:1126/195822.277:WARNING:browser_info.cc(345)] Returning a speculative frame for [9,9]
[11448:12724:1126/200035.925:WARNING:spdy_session.cc(2985)] Received HEADERS for invalid stream 3
[1720:22112:1126/200038.673:ERROR:shared_image_manager.cc(224)] SharedImageManager::ProduceSkia: Trying to Produce a Skia representation from a non-existent mailbox.
[1720:22112:1126/200038.673:ERROR:shared_image_manager.cc(224)] SharedImageManager::ProduceSkia: Trying to Produce a Skia representation from a non-existent mailbox.
[18256:17816:1126/204703.081:WARNING:pref_notifier_impl.cc(41)] Pref observer for media_router.cast_allow_all_ips found at shutdown.
>>>>>>> 5acf135df939904378d85766dd30b45693e1254a
