<<<<<<< Updated upstream
[21488:23620:1203/135534.695:WARNING:chrome_main_delegate.cc(745)] This is Chrome version 128.0.6613.138 (not a warning)
[21488:23620:1203/135534.744:WARNING:account_consistency_mode_manager.cc(77)] Desktop Identity Consistency cannot be enabled as no OAuth client ID and client secret have been configured.
[21488:6124:1203/135534.755:ERROR:external_registry_loader_win.cc(144)] Missing value path for key Software\Google\Chrome\Extensions\kadaohckdkghfaclhjmkmplebcdcnfnp.
[21488:10212:1203/135537.674:WARNING:leveldb_database.cc(141)] Unable to open C:\Users\User\Documents\Unreal Projects\Buildout\Saved\webcache_6613\Default\shared_proto_db\metadata: IO error: C:\Users\User\Documents\Unreal Projects\Buildout\Saved\webcache_6613\Default\shared_proto_db\metadata/MANIFEST-000001: Unable to create sequential file (ChromeMethodBFE: 7::NewSequentialFile::1)
[21488:10212:1203/135537.675:WARNING:leveldb_database.cc(141)] Unable to open C:\Users\User\Documents\Unreal Projects\Buildout\Saved\webcache_6613\Default\shared_proto_db\metadata: IO error: C:\Users\User\Documents\Unreal Projects\Buildout\Saved\webcache_6613\Default\shared_proto_db\metadata/MANIFEST-000001: Unable to create sequential file (ChromeMethodBFE: 7::NewSequentialFile::1)
[21488:10212:1203/135537.677:WARNING:leveldb_database.cc(141)] Unable to open C:\Users\User\Documents\Unreal Projects\Buildout\Saved\webcache_6613\Default\shared_proto_db\metadata: IO error: C:\Users\User\Documents\Unreal Projects\Buildout\Saved\webcache_6613\Default\shared_proto_db\metadata/MANIFEST-000001: Unable to create sequential file (ChromeMethodBFE: 7::NewSequentialFile::1)
[21488:10212:1203/135537.678:WARNING:leveldb_database.cc(141)] Unable to open C:\Users\User\Documents\Unreal Projects\Buildout\Saved\webcache_6613\Default\shared_proto_db\metadata: IO error: C:\Users\User\Documents\Unreal Projects\Buildout\Saved\webcache_6613\Default\shared_proto_db\metadata/MANIFEST-000001: Unable to create sequential file (ChromeMethodBFE: 7::NewSequentialFile::1)
[21488:8200:1203/135537.935:WARNING:value_store_frontend.cc(47)] Reading ahfgeienlihckogmohjhadlkjgocpleb.alarms from  failed: IO error: .../MANIFEST-000001: Unable to create sequential file (ChromeMethodBFE: 7::NewSequentialFile::1)
[21488:8200:1203/135537.936:WARNING:value_store_frontend.cc(47)] Reading mhjfbmdgcfjbbpaeojofohoefgiehjai.alarms from  failed: IO error: .../MANIFEST-000001: Unable to create sequential file (ChromeMethodBFE: 7::NewSequentialFile::1)
[21488:2136:1203/135540.122:WARNING:leveldb_database.cc(141)] Unable to open C:\Users\User\Documents\Unreal Projects\Buildout\Saved\webcache_6613\Default\GCM Store\Encryption: IO error: C:\Users\User\Documents\Unreal Projects\Buildout\Saved\webcache_6613\Default\GCM Store\Encryption/MANIFEST-000001: Unable to create sequential file (ChromeMethodBFE: 7::NewSequentialFile::1)
[21488:23620:1203/141847.278:ERROR:device_event_log_impl.cc(196)] [14:18:47.263] USB: usb_service_win.cc:308 SetupDiEnumDeviceInterfaces: Дополнительные данные отсутствуют. (0x103)
[21488:23620:1203/141847.278:ERROR:device_event_log_impl.cc(196)] [14:18:47.264] USB: usb_service_win.cc:105 SetupDiGetDeviceProperty({{A45C254E-DF1C-4EFD-8020-67D146A850E0}, 6}) failed: Элемент не найден. (0x490)
[21488:23620:1203/141847.298:ERROR:device_event_log_impl.cc(196)] [14:18:47.288] USB: usb_service_win.cc:308 SetupDiEnumDeviceInterfaces: Дополнительные данные отсутствуют. (0x103)
[21488:23620:1203/173041.112:WARNING:pref_notifier_impl.cc(41)] Pref observer for media_router.cast_allow_all_ips found at shutdown.
=======
[8180:3452:1201/231214.444:WARNING:chrome_main_delegate.cc(745)] This is Chrome version 128.0.6613.138 (not a warning)
[8180:3452:1201/231214.509:WARNING:account_consistency_mode_manager.cc(77)] Desktop Identity Consistency cannot be enabled as no OAuth client ID and client secret have been configured.
[3588:8412:1201/231219.278:WARNING:frame_impl.cc(430)] virtual CefFrameImpl::SendProcessMessage sent to detached frame 5-7F53B4578DA211AE39A4469CD740F8B6 will be ignored
[8180:13864:1201/231221.288:WARNING:browser_info.cc(345)] Returning a speculative frame for [7,9]
[8180:3452:1201/231222.281:WARNING:browser_info.cc(345)] Returning a speculative frame for [8,9]
[8180:3452:1201/231222.281:WARNING:browser_info.cc(345)] Returning a speculative frame for [8,9]
[8180:3452:1201/231222.282:WARNING:browser_info.cc(345)] Returning a speculative frame for [8,9]
[8180:3452:1201/231222.282:WARNING:browser_info.cc(345)] Returning a speculative frame for [8,9]
[8180:13864:1201/231222.288:WARNING:browser_info.cc(345)] Returning a speculative frame for [8,9]
[10008:16616:1201/231433.730:ERROR:shared_image_manager.cc(224)] SharedImageManager::ProduceSkia: Trying to Produce a Skia representation from a non-existent mailbox.
[10008:16616:1201/231433.730:ERROR:shared_image_manager.cc(224)] SharedImageManager::ProduceSkia: Trying to Produce a Skia representation from a non-existent mailbox.
[4648:12296:1201/234247.513:WARNING:spdy_session.cc(2985)] Received HEADERS for invalid stream 3
[8180:3452:1201/235851.121:WARNING:sad_tab.cc(255)] Tab Killed: https://editor.unrealengine.com/
>>>>>>> Stashed changes
